// Jest Snapshot v1, https://goo.gl/fbAQLP

exports[`should correctly render LoginPage 1`] = `
<div>
  <button>
    Login with Google
  </button>
  <button>
    Amir Hossein Jobeiri
  </button>
  <button>
    Amir Hossein Jobeiri
  </button>
  <button>
    Amir Hossein Jobeiri
  </button>
  <button>
    Amir Hossein Jobeiri
  </button>
</div>
`;
